Archive member included because of file (symbol)

c:/users/m7md/downloads/sdk_win_64/sdk_win_64/sdk_win_64/winavr/bin/../lib/gcc/avr/4.3.3/avr5\libgcc.a(_udivmodhi4.o)
                              ./ECUL/LED/led.o (__udivmodhi4)
c:/users/m7md/downloads/sdk_win_64/sdk_win_64/sdk_win_64/winavr/bin/../lib/gcc/avr/4.3.3/avr5\libgcc.a(_exit.o)
                              c:/users/m7md/downloads/sdk_win_64/sdk_win_64/sdk_win_64/winavr/bin/../lib/gcc/avr/4.3.3/../../../../avr/lib/avr5/crtm32.o (exit)
c:/users/m7md/downloads/sdk_win_64/sdk_win_64/sdk_win_64/winavr/bin/../lib/gcc/avr/4.3.3/avr5\libgcc.a(_copy_data.o)
                              ./MCAL/TIMER/timer_test.o (__do_copy_data)
c:/users/m7md/downloads/sdk_win_64/sdk_win_64/sdk_win_64/winavr/bin/../lib/gcc/avr/4.3.3/avr5\libgcc.a(_clear_bss.o)
                              ./MCAL/TIMER/Timer_program.o (__do_clear_bss)

Allocating common symbols
Common symbol       size              file

carState            0x1               ./APP/app.o

Memory Configuration

Name             Origin             Length             Attributes
text             0x00000000         0x00020000         xr
data             0x00800060         0x0000ffa0         rw !x
eeprom           0x00810000         0x00010000         rw !x
fuse             0x00820000         0x00000400         rw !x
lock             0x00830000         0x00000400         rw !x
signature        0x00840000         0x00000400         rw !x
*default*        0x00000000         0xffffffff

Linker script and memory map

LOAD c:/users/m7md/downloads/sdk_win_64/sdk_win_64/sdk_win_64/winavr/bin/../lib/gcc/avr/4.3.3/../../../../avr/lib/avr5/crtm32.o
LOAD ./MCAL/TIMER/Timer_program.o
LOAD ./MCAL/TIMER/timer_test.o
LOAD ./MCAL/INTERRUPT/Interrupt_program.o
LOAD ./MCAL/INTERRUPT/Interrupt_test.o
LOAD ./MCAL/DIO/Dio_program.o
LOAD ./MCAL/DIO/dio_test.o
LOAD ./ECUL/LED/led.o
LOAD ./ECUL/LED/led_test.o
LOAD ./ECUL/BUTTON/button.o
LOAD ./ECUL/BUTTON/button_test.o
LOAD ./APP/app.o
LOAD ./main.o
LOAD c:/users/m7md/downloads/sdk_win_64/sdk_win_64/sdk_win_64/winavr/bin/../lib/gcc/avr/4.3.3/avr5\libgcc.a
LOAD c:/users/m7md/downloads/sdk_win_64/sdk_win_64/sdk_win_64/winavr/bin/../lib/gcc/avr/4.3.3/../../../../avr/lib/avr5\libc.a
LOAD c:/users/m7md/downloads/sdk_win_64/sdk_win_64/sdk_win_64/winavr/bin/../lib/gcc/avr/4.3.3/avr5\libgcc.a

.hash
 *(.hash)

.dynsym
 *(.dynsym)

.dynstr
 *(.dynstr)

.gnu.version
 *(.gnu.version)

.gnu.version_d
 *(.gnu.version_d)

.gnu.version_r
 *(.gnu.version_r)

.rel.init
 *(.rel.init)

.rela.init
 *(.rela.init)

.rel.text
 *(.rel.text)
 *(.rel.text.*)
 *(.rel.gnu.linkonce.t*)

.rela.text
 *(.rela.text)
 *(.rela.text.*)
 *(.rela.gnu.linkonce.t*)

.rel.fini
 *(.rel.fini)

.rela.fini
 *(.rela.fini)

.rel.rodata
 *(.rel.rodata)
 *(.rel.rodata.*)
 *(.rel.gnu.linkonce.r*)

.rela.rodata
 *(.rela.rodata)
 *(.rela.rodata.*)
 *(.rela.gnu.linkonce.r*)

.rel.data
 *(.rel.data)
 *(.rel.data.*)
 *(.rel.gnu.linkonce.d*)

.rela.data
 *(.rela.data)
 *(.rela.data.*)
 *(.rela.gnu.linkonce.d*)

.rel.ctors
 *(.rel.ctors)

.rela.ctors
 *(.rela.ctors)

.rel.dtors
 *(.rel.dtors)

.rela.dtors
 *(.rela.dtors)

.rel.got
 *(.rel.got)

.rela.got
 *(.rela.got)

.rel.bss
 *(.rel.bss)

.rela.bss
 *(.rela.bss)

.rel.plt
 *(.rel.plt)

.rela.plt
 *(.rela.plt)

.text           0x00000000     0x1450
 *(.vectors)
 .vectors       0x00000000       0x54 c:/users/m7md/downloads/sdk_win_64/sdk_win_64/sdk_win_64/winavr/bin/../lib/gcc/avr/4.3.3/../../../../avr/lib/avr5/crtm32.o
                0x00000000                __vectors
                0x00000000                __vector_default
 *(.vectors)
 *(.progmem.gcc*)
 *(.progmem*)
                0x00000054                . = ALIGN (0x2)
                0x00000054                __trampolines_start = .
 *(.trampolines)
 .trampolines   0x00000054        0x0 linker stubs
 *(.trampolines*)
                0x00000054                __trampolines_end = .
 *(.jumptables)
 *(.jumptables*)
 *(.lowtext)
 *(.lowtext*)
                0x00000054                __ctors_start = .
 *(.ctors)
                0x00000054                __ctors_end = .
                0x00000054                __dtors_start = .
 *(.dtors)
                0x00000054                __dtors_end = .
 SORT(*)(.ctors)
 SORT(*)(.dtors)
 *(.init0)
 .init0         0x00000054        0x0 c:/users/m7md/downloads/sdk_win_64/sdk_win_64/sdk_win_64/winavr/bin/../lib/gcc/avr/4.3.3/../../../../avr/lib/avr5/crtm32.o
                0x00000054                __init
 *(.init0)
 *(.init1)
 *(.init1)
 *(.init2)
 .init2         0x00000054        0xc c:/users/m7md/downloads/sdk_win_64/sdk_win_64/sdk_win_64/winavr/bin/../lib/gcc/avr/4.3.3/../../../../avr/lib/avr5/crtm32.o
 *(.init2)
 *(.init3)
 *(.init3)
 *(.init4)
 .init4         0x00000060       0x16 c:/users/m7md/downloads/sdk_win_64/sdk_win_64/sdk_win_64/winavr/bin/../lib/gcc/avr/4.3.3/avr5\libgcc.a(_copy_data.o)
                0x00000060                __do_copy_data
 .init4         0x00000076       0x10 c:/users/m7md/downloads/sdk_win_64/sdk_win_64/sdk_win_64/winavr/bin/../lib/gcc/avr/4.3.3/avr5\libgcc.a(_clear_bss.o)
                0x00000076                __do_clear_bss
 *(.init4)
 *(.init5)
 *(.init5)
 *(.init6)
 *(.init6)
 *(.init7)
 *(.init7)
 *(.init8)
 *(.init8)
 *(.init9)
 .init9         0x00000086        0x8 c:/users/m7md/downloads/sdk_win_64/sdk_win_64/sdk_win_64/winavr/bin/../lib/gcc/avr/4.3.3/../../../../avr/lib/avr5/crtm32.o
 *(.init9)
 *(.text)
 .text          0x0000008e        0x4 c:/users/m7md/downloads/sdk_win_64/sdk_win_64/sdk_win_64/winavr/bin/../lib/gcc/avr/4.3.3/../../../../avr/lib/avr5/crtm32.o
                0x0000008e                __vector_12
                0x0000008e                __bad_interrupt
                0x0000008e                __vector_6
                0x0000008e                __vector_13
                0x0000008e                __vector_17
                0x0000008e                __vector_19
                0x0000008e                __vector_7
                0x0000008e                __vector_5
                0x0000008e                __vector_4
                0x0000008e                __vector_9
                0x0000008e                __vector_15
                0x0000008e                __vector_8
                0x0000008e                __vector_14
                0x0000008e                __vector_16
                0x0000008e                __vector_18
                0x0000008e                __vector_20
 .text          0x00000092        0x0 ./MCAL/TIMER/Timer_program.o
 .text          0x00000092        0x0 ./MCAL/TIMER/timer_test.o
 .text          0x00000092        0x0 ./MCAL/INTERRUPT/Interrupt_program.o
 .text          0x00000092        0x0 ./MCAL/INTERRUPT/Interrupt_test.o
 .text          0x00000092        0x0 ./MCAL/DIO/Dio_program.o
 .text          0x00000092        0x0 ./MCAL/DIO/dio_test.o
 .text          0x00000092        0x0 ./ECUL/LED/led.o
 .text          0x00000092        0x0 ./ECUL/LED/led_test.o
 .text          0x00000092        0x0 ./ECUL/BUTTON/button.o
 .text          0x00000092        0x0 ./ECUL/BUTTON/button_test.o
 .text          0x00000092        0x0 ./APP/app.o
 .text          0x00000092        0x0 ./main.o
 .text          0x00000092        0x0 c:/users/m7md/downloads/sdk_win_64/sdk_win_64/sdk_win_64/winavr/bin/../lib/gcc/avr/4.3.3/avr5\libgcc.a(_udivmodhi4.o)
 .text          0x00000092        0x0 c:/users/m7md/downloads/sdk_win_64/sdk_win_64/sdk_win_64/winavr/bin/../lib/gcc/avr/4.3.3/avr5\libgcc.a(_exit.o)
 .text          0x00000092        0x0 c:/users/m7md/downloads/sdk_win_64/sdk_win_64/sdk_win_64/winavr/bin/../lib/gcc/avr/4.3.3/avr5\libgcc.a(_copy_data.o)
 .text          0x00000092        0x0 c:/users/m7md/downloads/sdk_win_64/sdk_win_64/sdk_win_64/winavr/bin/../lib/gcc/avr/4.3.3/avr5\libgcc.a(_clear_bss.o)
                0x00000092                . = ALIGN (0x2)
 *(.text.*)
 .text.TMR0_init
                0x00000092      0x15e ./MCAL/TIMER/Timer_program.o
                0x00000092                TMR0_init
 .text.TMR0_Write_Value
                0x000001f0       0x24 ./MCAL/TIMER/Timer_program.o
                0x000001f0                TMR0_Write_Value
 .text.TMR0_Read_Value
                0x00000214       0x3a ./MCAL/TIMER/Timer_program.o
                0x00000214                TMR0_Read_Value
 .text.TMR0_OverFlow_Iterrupt_Enable
                0x0000024e       0x4c ./MCAL/TIMER/Timer_program.o
                0x0000024e                TMR0_OverFlow_Iterrupt_Enable
 .text.TMR0_OverFlow_Iterrupt_Disable
                0x0000029a       0x44 ./MCAL/TIMER/Timer_program.o
                0x0000029a                TMR0_OverFlow_Iterrupt_Disable
 .text.TMR0_OC_Iterrupt_Enable
                0x000002de       0x4c ./MCAL/TIMER/Timer_program.o
                0x000002de                TMR0_OC_Iterrupt_Enable
 .text.TMR0_OC_Iterrupt_Disnable
                0x0000032a       0x44 ./MCAL/TIMER/Timer_program.o
                0x0000032a                TMR0_OC_Iterrupt_Disnable
 .text.__vector_11
                0x0000036e       0x66 ./MCAL/TIMER/Timer_program.o
                0x0000036e                __vector_11
 .text.__vector_10
                0x000003d4       0x66 ./MCAL/TIMER/Timer_program.o
                0x000003d4                __vector_10
 .text.delay5s  0x0000043a       0x74 ./MCAL/TIMER/Timer_program.o
                0x0000043a                delay5s
 .text.timerTest
                0x000004ae       0x56 ./MCAL/TIMER/timer_test.o
                0x000004ae                timerTest
 .text.EXI_interrupt_init
                0x00000504       0x3e ./MCAL/INTERRUPT/Interrupt_program.o
                0x00000504                EXI_interrupt_init
 .text.EXI_CallBack
                0x00000542       0x92 ./MCAL/INTERRUPT/Interrupt_program.o
                0x00000542                EXI_CallBack
 .text.EXI_SET_SOURCE
                0x000005d4       0x76 ./MCAL/INTERRUPT/Interrupt_program.o
 .text.EXI_SET_EDGE
                0x0000064a      0x196 ./MCAL/INTERRUPT/Interrupt_program.o
 .text.__vector_1
                0x000007e0       0x66 ./MCAL/INTERRUPT/Interrupt_program.o
                0x000007e0                __vector_1
 .text.__vector_2
                0x00000846       0x66 ./MCAL/INTERRUPT/Interrupt_program.o
                0x00000846                __vector_2
 .text.__vector_3
                0x000008ac       0x66 ./MCAL/INTERRUPT/Interrupt_program.o
                0x000008ac                __vector_3
 .text.EXT0_Handeler
                0x00000912       0x16 ./MCAL/INTERRUPT/Interrupt_test.o
                0x00000912                EXT0_Handeler
 .text.EXIT_Test
                0x00000928       0x22 ./MCAL/INTERRUPT/Interrupt_test.o
                0x00000928                EXIT_Test
 .text.DIO_pin_dirction_init
                0x0000094a      0x106 ./MCAL/DIO/Dio_program.o
                0x0000094a                DIO_pin_dirction_init
 .text.DIO_get_pin_direction
                0x00000a50       0x78 ./MCAL/DIO/Dio_program.o
                0x00000a50                DIO_get_pin_direction
 .text.DIO_write_logic
                0x00000ac8      0x106 ./MCAL/DIO/Dio_program.o
                0x00000ac8                DIO_write_logic
 .text.DIO_read_logic
                0x00000bce       0x78 ./MCAL/DIO/Dio_program.o
                0x00000bce                DIO_read_logic
 .text.DIO_pin_toggle
                0x00000c46       0x82 ./MCAL/DIO/Dio_program.o
                0x00000c46                DIO_pin_toggle
 .text.DIO_pin_init
                0x00000cc8       0x4a ./MCAL/DIO/Dio_program.o
                0x00000cc8                DIO_pin_init
 .text.dioTest  0x00000d12       0x1e ./MCAL/DIO/dio_test.o
                0x00000d12                dioTest
 .text.Led_Init
                0x00000d30       0x6c ./ECUL/LED/led.o
                0x00000d30                Led_Init
 .text.Led_Turn_On
                0x00000d9c       0x62 ./ECUL/LED/led.o
                0x00000d9c                Led_Turn_On
 .text.Led_Turn_Off
                0x00000dfe       0x62 ./ECUL/LED/led.o
                0x00000dfe                Led_Turn_Off
 .text.Led_Toggle
                0x00000e60       0x60 ./ECUL/LED/led.o
                0x00000e60                Led_Toggle
 .text.Led_State
                0x00000ec0       0x38 ./ECUL/LED/led.o
                0x00000ec0                Led_State
 .text.Led_Blink_aSecond
                0x00000ef8       0xae ./ECUL/LED/led.o
                0x00000ef8                Led_Blink_aSecond
 .text.Two_Led_Blink_aSecond
                0x00000fa6       0xca ./ECUL/LED/led.o
                0x00000fa6                Two_Led_Blink_aSecond
 .text.ledTest  0x00001070       0x1a ./ECUL/LED/led_test.o
                0x00001070                ledTest
 .text.BUTTON_init
                0x0000108a       0x36 ./ECUL/BUTTON/button.o
                0x0000108a                BUTTON_init
 .text.BUTTON_read
                0x000010c0       0xa6 ./ECUL/BUTTON/button.o
                0x000010c0                BUTTON_read
 .text.appStart
                0x00001166       0x6e ./APP/app.o
                0x00001166                appStart
 .text.ifPressed
                0x000011d4       0x12 ./APP/app.o
                0x000011d4                ifPressed
 .text.normalMode
                0x000011e6       0xaa ./APP/app.o
                0x000011e6                normalMode
 .text.pedstrainsMode
                0x00001290       0x8a ./APP/app.o
                0x00001290                pedstrainsMode
 .text.turnOffLeds
                0x0000131a       0x56 ./APP/app.o
                0x0000131a                turnOffLeds
 .text.carGreenLedOn
                0x00001370       0x78 ./APP/app.o
                0x00001370                carGreenLedOn
 .text.carRedLedOn
                0x000013e8       0x2e ./APP/app.o
                0x000013e8                carRedLedOn
 .text.main     0x00001416        0xe ./main.o
                0x00001416                main
 .text.libgcc   0x00001424       0x28 c:/users/m7md/downloads/sdk_win_64/sdk_win_64/sdk_win_64/winavr/bin/../lib/gcc/avr/4.3.3/avr5\libgcc.a(_udivmodhi4.o)
                0x00001424                __udivmodhi4
 .text.libgcc   0x0000144c        0x0 c:/users/m7md/downloads/sdk_win_64/sdk_win_64/sdk_win_64/winavr/bin/../lib/gcc/avr/4.3.3/avr5\libgcc.a(_exit.o)
 .text.libgcc   0x0000144c        0x0 c:/users/m7md/downloads/sdk_win_64/sdk_win_64/sdk_win_64/winavr/bin/../lib/gcc/avr/4.3.3/avr5\libgcc.a(_copy_data.o)
 .text.libgcc   0x0000144c        0x0 c:/users/m7md/downloads/sdk_win_64/sdk_win_64/sdk_win_64/winavr/bin/../lib/gcc/avr/4.3.3/avr5\libgcc.a(_clear_bss.o)
                0x0000144c                . = ALIGN (0x2)
 *(.fini9)
 .fini9         0x0000144c        0x0 c:/users/m7md/downloads/sdk_win_64/sdk_win_64/sdk_win_64/winavr/bin/../lib/gcc/avr/4.3.3/avr5\libgcc.a(_exit.o)
                0x0000144c                exit
                0x0000144c                _exit
 *(.fini9)
 *(.fini8)
 *(.fini8)
 *(.fini7)
 *(.fini7)
 *(.fini6)
 *(.fini6)
 *(.fini5)
 *(.fini5)
 *(.fini4)
 *(.fini4)
 *(.fini3)
 *(.fini3)
 *(.fini2)
 *(.fini2)
 *(.fini1)
 *(.fini1)
 *(.fini0)
 .fini0         0x0000144c        0x4 c:/users/m7md/downloads/sdk_win_64/sdk_win_64/sdk_win_64/winavr/bin/../lib/gcc/avr/4.3.3/avr5\libgcc.a(_exit.o)
 *(.fini0)
                0x00001450                _etext = .

.data           0x00800060       0x4c load address 0x00001450
                0x00800060                PROVIDE (__data_start, .)
 *(.data)
 .data          0x00800060        0x0 c:/users/m7md/downloads/sdk_win_64/sdk_win_64/sdk_win_64/winavr/bin/../lib/gcc/avr/4.3.3/../../../../avr/lib/avr5/crtm32.o
 .data          0x00800060        0x0 ./MCAL/TIMER/Timer_program.o
 .data          0x00800060        0x0 ./MCAL/TIMER/timer_test.o
 .data          0x00800060        0x0 ./MCAL/INTERRUPT/Interrupt_program.o
 .data          0x00800060        0x0 ./MCAL/INTERRUPT/Interrupt_test.o
 .data          0x00800060        0x0 ./MCAL/DIO/Dio_program.o
 .data          0x00800060        0x0 ./MCAL/DIO/dio_test.o
 .data          0x00800060        0x0 ./ECUL/LED/led.o
 .data          0x00800060        0x0 ./ECUL/LED/led_test.o
 .data          0x00800060        0x0 ./ECUL/BUTTON/button.o
 .data          0x00800060        0x0 ./ECUL/BUTTON/button_test.o
 .data          0x00800060        0x0 ./APP/app.o
 .data          0x00800060        0x0 ./main.o
 .data          0x00800060        0x0 c:/users/m7md/downloads/sdk_win_64/sdk_win_64/sdk_win_64/winavr/bin/../lib/gcc/avr/4.3.3/avr5\libgcc.a(_udivmodhi4.o)
 .data          0x00800060        0x0 c:/users/m7md/downloads/sdk_win_64/sdk_win_64/sdk_win_64/winavr/bin/../lib/gcc/avr/4.3.3/avr5\libgcc.a(_exit.o)
 .data          0x00800060        0x0 c:/users/m7md/downloads/sdk_win_64/sdk_win_64/sdk_win_64/winavr/bin/../lib/gcc/avr/4.3.3/avr5\libgcc.a(_copy_data.o)
 .data          0x00800060        0x0 c:/users/m7md/downloads/sdk_win_64/sdk_win_64/sdk_win_64/winavr/bin/../lib/gcc/avr/4.3.3/avr5\libgcc.a(_clear_bss.o)
 *(.data*)
 .data.tmr      0x00800060        0x7 ./MCAL/TIMER/timer_test.o
                0x00800060                tmr
 .data.led      0x00800067        0x3 ./MCAL/TIMER/timer_test.o
                0x00800067                led
 .data.led_0    0x0080006a        0x3 ./MCAL/INTERRUPT/Interrupt_test.o
                0x0080006a                led_0
 .data.ext      0x0080006d        0x8 ./MCAL/INTERRUPT/Interrupt_test.o
                0x0080006d                ext
 .data.ddr_regster
                0x00800075        0x8 ./MCAL/DIO/Dio_program.o
                0x00800075                ddr_regster
 .data.port_regster
                0x0080007d        0x8 ./MCAL/DIO/Dio_program.o
                0x0080007d                port_regster
 .data.pin_regster
                0x00800085        0x8 ./MCAL/DIO/Dio_program.o
                0x00800085                pin_regster
 .data.pin1     0x0080008d        0x4 ./MCAL/DIO/dio_test.o
                0x0080008d                pin1
 .data.led1     0x00800091        0x3 ./ECUL/LED/led_test.o
                0x00800091                led1
 .data.pedestriansGrean
                0x00800094        0x3 ./APP/app.o
                0x00800094                pedestriansGrean
 .data.pedestriansYellow
                0x00800097        0x3 ./APP/app.o
                0x00800097                pedestriansYellow
 .data.pedestriansRed
                0x0080009a        0x3 ./APP/app.o
                0x0080009a                pedestriansRed
 .data.carYellow
                0x0080009d        0x3 ./APP/app.o
                0x0080009d                carYellow
 .data.carRed   0x008000a0        0x3 ./APP/app.o
                0x008000a0                carRed
 .data.ext_interrupt_0
                0x008000a3        0x8 ./APP/app.o
                0x008000a3                ext_interrupt_0
 .data.ret      0x008000ab        0x1 ./APP/app.o
                0x008000ab                ret
 *(.rodata)
 *(.rodata*)
 *(.gnu.linkonce.d*)
                0x008000ac                . = ALIGN (0x2)
                0x008000ac                _edata = .
                0x008000ac                PROVIDE (__data_end, .)

.bss            0x008000ac        0xe
                0x008000ac                PROVIDE (__bss_start, .)
 *(.bss)
 .bss           0x008000ac        0x0 c:/users/m7md/downloads/sdk_win_64/sdk_win_64/sdk_win_64/winavr/bin/../lib/gcc/avr/4.3.3/../../../../avr/lib/avr5/crtm32.o
 .bss           0x008000ac        0x0 ./MCAL/TIMER/Timer_program.o
 .bss           0x008000ac        0x0 ./MCAL/TIMER/timer_test.o
 .bss           0x008000ac        0x0 ./MCAL/INTERRUPT/Interrupt_program.o
 .bss           0x008000ac        0x0 ./MCAL/INTERRUPT/Interrupt_test.o
 .bss           0x008000ac        0x0 ./MCAL/DIO/Dio_program.o
 .bss           0x008000ac        0x0 ./MCAL/DIO/dio_test.o
 .bss           0x008000ac        0x0 ./ECUL/LED/led.o
 .bss           0x008000ac        0x0 ./ECUL/LED/led_test.o
 .bss           0x008000ac        0x0 ./ECUL/BUTTON/button.o
 .bss           0x008000ac        0x0 ./ECUL/BUTTON/button_test.o
 .bss           0x008000ac        0x0 ./APP/app.o
 .bss           0x008000ac        0x0 ./main.o
 .bss           0x008000ac        0x0 c:/users/m7md/downloads/sdk_win_64/sdk_win_64/sdk_win_64/winavr/bin/../lib/gcc/avr/4.3.3/avr5\libgcc.a(_udivmodhi4.o)
 .bss           0x008000ac        0x0 c:/users/m7md/downloads/sdk_win_64/sdk_win_64/sdk_win_64/winavr/bin/../lib/gcc/avr/4.3.3/avr5\libgcc.a(_exit.o)
 .bss           0x008000ac        0x0 c:/users/m7md/downloads/sdk_win_64/sdk_win_64/sdk_win_64/winavr/bin/../lib/gcc/avr/4.3.3/avr5\libgcc.a(_copy_data.o)
 .bss           0x008000ac        0x0 c:/users/m7md/downloads/sdk_win_64/sdk_win_64/sdk_win_64/winavr/bin/../lib/gcc/avr/4.3.3/avr5\libgcc.a(_clear_bss.o)
 *(.bss*)
 .bss.tmr0_overFlow_interruptHandler
                0x008000ac        0x2 ./MCAL/TIMER/Timer_program.o
 .bss.tmr0_OC_interruptHandler
                0x008000ae        0x2 ./MCAL/TIMER/Timer_program.o
 .bss.INT0_fptr
                0x008000b0        0x2 ./MCAL/INTERRUPT/Interrupt_program.o
 .bss.INT1_fptr
                0x008000b2        0x2 ./MCAL/INTERRUPT/Interrupt_program.o
 .bss.INT2_fptr
                0x008000b4        0x2 ./MCAL/INTERRUPT/Interrupt_program.o
 .bss.carGrean  0x008000b6        0x3 ./APP/app.o
                0x008000b6                carGrean
 *(COMMON)
 COMMON         0x008000b9        0x1 ./APP/app.o
                0x008000b9                carState
                0x008000ba                PROVIDE (__bss_end, .)
                0x00001450                __data_load_start = LOADADDR (.data)
                0x0000149c                __data_load_end = (__data_load_start + SIZEOF (.data))

.noinit         0x008000ba        0x0
                0x008000ba                PROVIDE (__noinit_start, .)
 *(.noinit*)
                0x008000ba                PROVIDE (__noinit_end, .)
                0x008000ba                _end = .
                0x008000ba                PROVIDE (__heap_start, .)

.eeprom         0x00810000        0x0
 *(.eeprom*)
                0x00810000                __eeprom_end = .

.fuse
 *(.fuse)
 *(.lfuse)
 *(.hfuse)
 *(.efuse)

.lock
 *(.lock*)

.signature
 *(.signature*)

.stab           0x00000000     0x3108
 *(.stab)
 .stab          0x00000000      0x810 ./MCAL/TIMER/Timer_program.o
 .stab          0x00000810      0x1ec ./MCAL/TIMER/timer_test.o
                                0x318 (size before relaxing)
 .stab          0x000009fc      0x4e0 ./MCAL/INTERRUPT/Interrupt_program.o
                                0x4ec (size before relaxing)
 .stab          0x00000edc      0x288 ./MCAL/INTERRUPT/Interrupt_test.o
                                0x324 (size before relaxing)
 .stab          0x00001164      0x5c4 ./MCAL/DIO/Dio_program.o
                                0x5d0 (size before relaxing)
 .stab          0x00001728      0x138 ./MCAL/DIO/dio_test.o
                                0x21c (size before relaxing)
 .stab          0x00001860      0x840 ./ECUL/LED/led.o
                                0x84c (size before relaxing)
 .stab          0x000020a0      0x144 ./ECUL/LED/led_test.o
                                0x2a0 (size before relaxing)
 .stab          0x000021e4      0x3e4 ./ECUL/BUTTON/button.o
                                0x3f0 (size before relaxing)
 .stab          0x000025c8       0xd8 ./ECUL/BUTTON/button_test.o
                                 0xe4 (size before relaxing)
 .stab          0x000026a0      0x8e8 ./APP/app.o
                                0x8f4 (size before relaxing)
 .stab          0x00002f88      0x180 ./main.o
                                0x4ec (size before relaxing)

.stabstr        0x00000000     0x25ce
 *(.stabstr)
 .stabstr       0x00000000     0x25ce ./MCAL/TIMER/Timer_program.o

.stab.excl
 *(.stab.excl)

.stab.exclstr
 *(.stab.exclstr)

.stab.index
 *(.stab.index)

.stab.indexstr
 *(.stab.indexstr)

.comment
 *(.comment)

.debug
 *(.debug)

.line
 *(.line)

.debug_srcinfo
 *(.debug_srcinfo)

.debug_sfnames
 *(.debug_sfnames)

.debug_aranges
 *(.debug_aranges)

.debug_pubnames
 *(.debug_pubnames)

.debug_info
 *(.debug_info)
 *(.gnu.linkonce.wi.*)

.debug_abbrev
 *(.debug_abbrev)

.debug_line
 *(.debug_line)

.debug_frame
 *(.debug_frame)

.debug_str
 *(.debug_str)

.debug_loc
 *(.debug_loc)

.debug_macinfo
 *(.debug_macinfo)
OUTPUT(On-demand_Traffic_light_control.elf elf32-avr)
LOAD linker stubs
